// Jest Snapshot v1, https://goo.gl/fbAQLP

exports[`ui-kit/ui-button/UiButton should be rendered correctly 1`] = `<styledbutton-stub />`;
